// Jest Snapshot v1, https://goo.gl/fbAQLP

exports[`component-trendoverview should render correctly with props and redux store 1`] = `ShallowWrapper {}`;
